// Vitest Snapshot v1, https://vitest.dev/guide/snapshot.html

exports[`E03-5 AC[3]: branded email layout > renders tenant name, logo and accent color 1`] = `"<!doctype html><html><body style="margin:0;background:#f7f9fc;font-family:Inter,Arial,sans-serif"><div style="max-width:560px;margin:0 auto;padding:24px"><div style="border-top:3px solid #ff8800;background:#fff;border-radius:10px;padding:24px"><div style="padding-bottom:16px"><img src="https://cdn.acme.test/logo.png" alt="Acme Track" height="32" style="height:32px" /></div><p>Your device moved.</p><p style="color:#93a1b7;font-size:12px">Acme Track · <a href="mailto:help@acme.test" style="color:#ff8800">help@acme.test</a></p></div></div></body></html>"`;
